// Jest Snapshot v1, https://goo.gl/fbAQLP

exports[`BovadaParser #parseGames() parses the JSON and returns game objects 1`] = `
Array [
  Object {
    "awaySpread": 4,
    "awayTeam": "Atlanta Falcons",
    "homeSpread": -4,
    "homeTeam": "Philadelphia Eagles",
    "id": "3172275",
    "startTime": 1536279600000,
  },
  Object {
    "awaySpread": 7,
    "awayTeam": "Houston Texans",
    "homeSpread": -7,
    "homeTeam": "New England Patriots",
    "id": "3172285",
    "startTime": 1536512700000,
  },
  Object {
    "awaySpread": 5.5,
    "awayTeam": "San Francisco 49ers",
    "homeSpread": -5.5,
    "homeTeam": "Minnesota Vikings",
    "id": "3172278",
    "startTime": 1536512700000,
  },
  Object {
    "awaySpread": -3.5,
    "awayTeam": "Jacksonville Jaguars",
    "homeSpread": 3.5,
    "homeTeam": "New York Giants",
    "id": "3172283",
    "startTime": 1536512700000,
  },
  Object {
    "awaySpread": 2.5,
    "awayTeam": "Cincinnati Bengals",
    "homeSpread": -2.5,
    "homeTeam": "Indianapolis Colts",
    "id": "3172280",
    "startTime": 1536512700000,
  },
  Object {
    "awaySpread": -6,
    "awayTeam": "Pittsburgh Steelers",
    "homeSpread": 6,
    "homeTeam": "Cleveland Browns",
    "id": "3172276",
    "startTime": 1536512700000,
  },
  Object {
    "awaySpread": -2,
    "awayTeam": "Tennessee Titans",
    "homeSpread": 2,
    "homeTeam": "Miami Dolphins",
    "id": "3172286",
    "startTime": 1536512700000,
  },
  Object {
    "awaySpread": 3,
    "awayTeam": "Kansas City Chiefs",
    "homeSpread": -3,
    "homeTeam": "Los Angeles Chargers",
    "id": "3172289",
    "startTime": 1536523500000,
  },
  Object {
    "awaySpread": 2,
    "awayTeam": "Seattle Seahawks",
    "homeSpread": -2,
    "homeTeam": "Denver Broncos",
    "id": "3172290",
    "startTime": 1536524700000,
  },
  Object {
    "awaySpread": 2.5,
    "awayTeam": "Dallas Cowboys",
    "homeSpread": -2.5,
    "homeTeam": "Carolina Panthers",
    "id": "3172291",
    "startTime": 1536524700000,
  },
  Object {
    "awaySpread": 0,
    "awayTeam": "Washington Redskins",
    "homeSpread": 0,
    "homeTeam": "Arizona Cardinals",
    "id": "3172292",
    "startTime": 1536524700000,
  },
  Object {
    "awaySpread": 8,
    "awayTeam": "Chicago Bears",
    "homeSpread": -8,
    "homeTeam": "Green Bay Packers",
    "id": "3172294",
    "startTime": 1536538800000,
  },
  Object {
    "awaySpread": 7,
    "awayTeam": "New York Jets",
    "homeSpread": -7,
    "homeTeam": "Detroit Lions",
    "id": "3172296",
    "startTime": 1536621000000,
  },
  Object {
    "awaySpread": -3,
    "awayTeam": "Los Angeles Rams",
    "homeSpread": 3,
    "homeTeam": "Oakland Raiders",
    "id": "3172305",
    "startTime": 1536632400000,
  },
]
`;
